at_cmd_parser.cpp:43:5:int ATCmdParser::p_putc(char)	16	static
at_cmd_parser.cpp:82:5:int ATCmdParser::p_getc()	24	static
at_cmd_parser.cpp:99:6:void ATCmdParser::flush()	24	static
at_cmd_parser.cpp:111:5:int ATCmdParser::write(const char*, int)	32	static
at_cmd_parser.cpp:122:5:int ATCmdParser::read(char*, int)	32	static
at_cmd_parser.cpp:137:5:int ATCmdParser::vprintf(const char*, va_list)	32	static
at_cmd_parser.cpp:152:5:int ATCmdParser::vscanf(const char*, va_list)	48	static
at_cmd_parser.cpp:215:6:bool ATCmdParser::vsend(const char*, va_list)	32	static
at_cmd_parser.cpp:238:6:bool ATCmdParser::vrecv(const char*, va_list)	48	static
at_cmd_parser.cpp:376:5:)	28	static
at_cmd_parser.cpp:385:5:)	28	static
at_cmd_parser.cpp:423:6:)	28	static
at_cmd_parser.cpp:447:6:)	28	static
at_cmd_parser.cpp:457:6:void ATCmdParser::oob(const char*, Parser_Callback)	32	static
at_cmd_parser.cpp:470:6:void ATCmdParser::abort()	16	static
at_cmd_parser.cpp:475:6:bool ATCmdParser::process_oob()	32	static
at_cmd_parser.cpp:522:14:char* Advance(char*)	24	static
at_cmd_parser.cpp:539:5:int vsscanf_avr(char*, char*, va_list)	56	static
